[mentor-demo.squarespace.com/index.html]
[backblue.gif]
[fade.gif]
[index.html]
[static.squarespace.com/universal/styles-compressed/commerce-3cf2dee12bb4759d736dea53e6c346aa-min.css]
[static.squarespace.com/universal/styles-compressed/dialog-7d0827ef14cce0b773fcd1eee28fbdee-min.css]
[static.squarespace.com/universal/scripts-compressed/commerce-b88c63494e1c8433c8a3-min.en-US.js]
[static.squarespace.com/universal/styles-compressed/signup-731b2968dfec1d7441fe3bdef38b0c0b-min.css]
[static.squarespace.com/universal/scripts-compressed/performance-6ca9bb696d9e403d3756-min.en-US.js]
[static.squarespace.com/universal/scripts-compressed/dialog-549f610665c015c8ab76-min.en-US.js]
[static.squarespace.com/universal/scripts-compressed/common-ce36c8000dd19b26cc2f-min.en-US.js]
[mentor-demo.squarespace.com/home-mentorcecb]
[static1.squarespace.com/static/sitecss/5797de498419c2b3b97221ba/223/55f0aac0e4b0f0a5b7e0b22e/5797de498419c2b3b97221c1/326-05142015/1537828648323/site8696.css]
[static.squarespace.com/universal/scripts-compressed/signup-d01479d74d8583171db3-min.en-US.js]
[mentor-demo.squarespace.com/search.html]
[mentor-demo.squarespace.com/donate-mentor.html]
[mentor-demo.squarespace.com/our-vision-mentor.html]
[mentor-demo.squarespace.com/mentor-team-mentor.html]
[mentor-demo.squarespace.com/careers-mentor.html]
[mentor-demo.squarespace.com/news-mentor.html]
[mentor-demo.squarespace.com/contact-mentor.html]
[mentor-demo.squarespace.com/campaign-1-mentor.html]
[mentor-demo.squarespace.com/campaign-2-mentor.html]
[mentor-demo.squarespace.com/campaign-3-mentor.html]
[mentor-demo.squarespace.com/campaign-4-mentor.html]
[mentor-demo.squarespace.com/annual-report-mentor.html]
[mentor-demo.squarespace.com/success-stories-mentor.html]
[mentor-demo.squarespace.com/become-a-sponsor-mentor.html]
[mentor-demo.squarespace.com/home-impact-mentor.html]
[static1.squarespace.com/static/5797de498419c2b3b97221ba/t/57d6bf331b631b0c62c682dd/1473691454440/home-p1423939271-6-2500x3333-tones-2.jpg]
[static1.squarespace.com/static/ta/55f0a9b0e4b0f3eb70352f6d/326/scripts/site-bundle.js]
[mentor-demo.squarespace.com/index.html]
[static.squarespace.com/universal/images-v6/standard/icon_close_7_light.png]
[static.squarespace.com/universal/images-v6/damask/cart-16-light.png]
[static.squarespace.com/universal/images-v6/damask/cart-32-light.png]
[static.squarespace.com/universal/images-v6/icons/icon-cart-18-dark.png]
[static.squarespace.com/universal/styles-compressed/commerce-3cf2dee12bb4759d736dea53e6c346aa-min.css]
[static.squarespace.com/universal/images-v6/dialog/image-field-iconc81e.png]
[static.squarespace.com/universal/images-v6/icons/icon-facebook-16-light.png]
[static.squarespace.com/universal/styles-compressed/dialog-7d0827ef14cce0b773fcd1eee28fbdee-min.css]
[static.squarespace.com/universal/images-v6/icons/icon-close-8-light.png]
[static.squarespace.com/universal/images-v6/icons/icon-closethin-15-light.png]
[static.squarespace.com/universal/styles-compressed/signup-731b2968dfec1d7441fe3bdef38b0c0b-min.css]
[static.squarespace.com/universal/images-v6/damask/error-dark.png]
[static.squarespace.com/universal/images-v6/damask/error-dark@2x.png]
[static.squarespace.com/universal/images-v6/damask/play-button.png]
[static.squarespace.com/universal/images-v6/damask/play-button@2x.png]
[static1.squarespace.com/static/sitecss/5797de498419c2b3b97221ba/223/55f0aac0e4b0f0a5b7e0b22e/5797de498419c2b3b97221c1/326-05142015/1537828648323/gallery-play-big.css]
[static1.squarespace.com/static/sitecss/5797de498419c2b3b97221ba/223/55f0aac0e4b0f0a5b7e0b22e/5797de498419c2b3b97221c1/326-05142015/1537828648323/gallery-play-big@2x.css]
[static.squarespace.com/universal/images-v6/damask/edit-aviary-light.png]
[static.squarespace.com/universal/images-v6/damask/edit-aviary-light@2x.png]
[static.squarespace.com/universal/images-v6/damask/edit-info-light.png]
[static.squarespace.com/universal/images-v6/damask/edit-info-light@2x.png]
[static.squarespace.com/universal/images-v6/damask/trash-9-light.png]
[static.squarespace.com/universal/images-v6/damask/trash-9-light@2x.png]
[static.squarespace.com/universal/images-v6/damask/trash-9-red.png]
[static.squarespace.com/universal/images-v6/damask/trash-9-red@2x.png]
[static.squarespace.com/universal/images-v6/damask/getty-16-light.png]
[static.squarespace.com/universal/images-v6/damask/getty-32-light.png]
[static.squarespace.com/universal/images-v6/damask/shopping-cart-16-light.png]
[static.squarespace.com/universal/images-v6/damask/shopping-cart-32-light.png]
[static1.squarespace.com/universal/images-v6/icons/block-indicator-dark.png]
[static1.squarespace.com/universal/images-v6/icons/block-indicator-dark@2x.png]
[static1.squarespace.com/universal/images-v6/icons/opentable-icons.png]
[static1.squarespace.com/universal/images-v6/icons/icon-searchqueries-20-dark.png]
[static1.squarespace.com/universal/images-v6/icons/icon-searchqueries-20-light.png]
[static.squarespace.com/universal/images-v6/icons/icon-video-24-light-solid.png]
[static1.squarespace.com/universal/images-v6/damask/image-inside-64-dark.png]
[static1.squarespace.com/universal/images-v6/damask/image-inside-128-dark.png]
[static.squarespace.com/universal/images-v6/icons/icon-settings-16-light.png]
[static1.squarespace.com/static/sitecss/5797de498419c2b3b97221ba/223/55f0aac0e4b0f0a5b7e0b22e/5797de498419c2b3b97221c1/326-05142015/1537828648323/site8696.css]
[mentor-demo.squarespace.com/assets/ui-icons.svg]
[mentor-demo.squarespace.com/search.html]
[static1.squarespace.com/static/5797de498419c2b3b97221ba/57d6cf86b3db2bbb29fb1eb5/57d6d080b3db2bbb29fb2b7d/1473695879600/donate-p1423864649-6-2500x3333.jpg]
[static1.squarespace.com/static/5797de498419c2b3b97221ba/57d6cf86b3db2bbb29fb1eb5/57d6cf8620099e32e859c9b7/1473695632614/donate-p1423857195-6-2500x3333.jpg]
[static1.squarespace.com/static/5797de498419c2b3b97221ba/57d6cf86b3db2bbb29fb1eb5/57d6cf99d482e9502700df5d/1473695648526/home-p1423939271-6-2500x3333-tones-1.jpg]
[mentor-demo.squarespace.com/donate-mentor.html]
[mentor-demo.squarespace.com/our-vision-mentor.html]
[mentor-demo.squarespace.com/mentor-team-mentor.html]
[mentor-demo.squarespace.com/careers-mentor.html]
[mentor-demo.squarespace.com/news-mentorcecb]
[mentor-demo.squarespace.com/news-mentor/2016/eu-scelerisque-nisi-vehicula.html]
[mentor-demo.squarespace.com/news-mentor01a7.html]
[mentor-demo.squarespace.com/news-mentor/2016/etiam-scelerisque-turpis-quis-sem-volutpat.html]
[mentor-demo.squarespace.com/news-mentor/2016/vitae-euismod-leo-hendrerit.html]
[mentor-demo.squarespace.com/news-mentor/2016/pellentesque-lacinia-felis-sit-amet-ex-mattis.html]
[mentor-demo.squarespace.com/news-mentor/2016/fusce-rhoncus-vulputate-ex-eget-lacinia-orci.html]
[mentor-demo.squarespace.com/news-mentor/2016/duis-suscipit-neque-quis-rhoncus-interdum.html]
[mentor-demo.squarespace.com/news-mentor/2016/donec-eu-ornare-augue.html]
[mentor-demo.squarespace.com/news-mentor/2016/vel-fringilla-neque-pellentesque.html]
[mentor-demo.squarespace.com/news-mentor/2016/7/viverra-libero-a-efficitur.html]
[mentor-demo.squarespace.com/news-mentor/2016/7/27/posuere-at-semper-sed-elit.html]
[mentor-demo.squarespace.com/news-mentor/2016/7/27/etiam-scelerisque-turpis-quis-sem-volutpat.html]
[mentor-demo.squarespace.com/news-mentor.html]
[mentor-demo.squarespace.com/contact-mentor.html]
[mentor-demo.squarespace.com/campaign-1-mentor.html]
[mentor-demo.squarespace.com/campaign-2-mentor.html]
[mentor-demo.squarespace.com/campaign-3-mentor.html]
[mentor-demo.squarespace.com/campaign-4-mentor.html]
[mentor-demo.squarespace.com/news-mentor/2016/7/27/duis-suscipit-neque-quis-rhoncus-interdum.html]
[mentor-demo.squarespace.com/annual-report-mentorcecb]
[mentor-demo.squarespace.com/annual-report-mentor.html]
[mentor-demo.squarespace.com/success-stories-mentor.html]
[mentor-demo.squarespace.com/campaign-1.8d.delayed]
[mentor-demo.squarespace.com/campaign-2.8e.delayed]
[mentor-demo.squarespace.com/become-a-sponsor-mentor.html]
[mentor-demo.squarespace.com/home-impact-mentor.html]
[static1.squarespace.com/static/sitecss/5797de498419c2b3b97221ba/223/55f0aac0e4b0f0a5b7e0b22e/5797de498419c2b3b97221c1/326-05142015/1537828648323/gallery-play-big.css]
[static1.squarespace.com/static/sitecss/5797de498419c2b3b97221ba/223/55f0aac0e4b0f0a5b7e0b22e/5797de498419c2b3b97221c1/326-05142015/1537828648323/gallery-play-big@2x.css]
[mentor-demo.squarespace.com/news-mentor/2016/eu-scelerisque-nisi-vehicula.html]
[mentor-demo.squarespace.com/news-mentor01a7.html]
[mentor-demo.squarespace.com/news-mentor/2016/etiam-scelerisque-turpis-quis-sem-volutpat.html]
[mentor-demo.squarespace.com/news-mentor/2016/vitae-euismod-leo-hendrerit.html]
[mentor-demo.squarespace.com/news-mentor/2016/pellentesque-lacinia-felis-sit-amet-ex-mattis.html]
[mentor-demo.squarespace.com/news-mentor/2016/fusce-rhoncus-vulputate-ex-eget-lacinia-orci.html]
[mentor-demo.squarespace.com/news-mentor/2016/duis-suscipit-neque-quis-rhoncus-interdum.html]
[mentor-demo.squarespace.com/news-mentor/2016/donec-eu-ornare-augue.html]
[mentor-demo.squarespace.com/news-mentor/2016/vel-fringilla-neque-pellentesque.html]
[mentor-demo.squarespace.com/news-mentor/2016/7/viverra-libero-a-efficitur.html]
[mentor-demo.squarespace.com/news-mentor/2016/7/27/posuere-at-semper-sed-elit.html]
[mentor-demo.squarespace.com/news-mentor/2016/7/27/etiam-scelerisque-turpis-quis-sem-volutpat.html]
[mentor-demo.squarespace.com/news-mentor/2016/7/27/duis-suscipit-neque-quis-rhoncus-interdum.html]
[mentor-demo.squarespace.com/campaign-1.html]
[mentor-demo.squarespace.com/campaign-2.html]
[mentor-demo.squarespace.com/universal/svg/social-accounts.svg]
